Archive member included to satisfy reference by file (symbol)

d:/installprogram/stmicroelectronics/truestudio for stm32 9.3.0/armtools/bin/../lib/gcc/arm-atollic-eabi/6.3.1/../../../../arm-atollic-eabi/lib/armv7e-m/fpu\libc_nano.a(lib_a-init.o)
                              Libraries\Device\ST\STM32F4xx\Include\startup_stm32f429x.o (__libc_init_array)
d:/installprogram/stmicroelectronics/truestudio for stm32 9.3.0/armtools/bin/../lib/gcc/arm-atollic-eabi/6.3.1/../../../../arm-atollic-eabi/lib/armv7e-m/fpu\libc_nano.a(lib_a-strlen.o)
                              Libraries\Device\ST\STM32F4xx\Include\tiny_printf.o (strlen)
d:/installprogram/stmicroelectronics/truestudio for stm32 9.3.0/armtools/bin/../lib/gcc/arm-atollic-eabi/6.3.1/../../../../arm-atollic-eabi/lib/armv7e-m/fpu\libnosys.a(write.o)
                              Libraries\Device\ST\STM32F4xx\Include\tiny_printf.o (_write)
d:/installprogram/stmicroelectronics/truestudio for stm32 9.3.0/armtools/bin/../lib/gcc/arm-atollic-eabi/6.3.1/../../../../arm-atollic-eabi/lib/armv7e-m/fpu\libnosys.a(errno.o)
                              d:/installprogram/stmicroelectronics/truestudio for stm32 9.3.0/armtools/bin/../lib/gcc/arm-atollic-eabi/6.3.1/../../../../arm-atollic-eabi/lib/armv7e-m/fpu\libnosys.a(write.o) (errno)

Allocating common symbols
Common symbol       size              file

errno               0x4               d:/installprogram/stmicroelectronics/truestudio for stm32 9.3.0/armtools/bin/../lib/gcc/arm-atollic-eabi/6.3.1/../../../../arm-atollic-eabi/lib/armv7e-m/fpu\libnosys.a(errno.o)

Discarded input sections

 .text          0x00000000        0x0 d:/installprogram/stmicroelectronics/truestudio for stm32 9.3.0/armtools/bin/../lib/gcc/arm-atollic-eabi/6.3.1/armv7e-m/fpu/crti.o
 .data          0x00000000        0x0 d:/installprogram/stmicroelectronics/truestudio for stm32 9.3.0/armtools/bin/../lib/gcc/arm-atollic-eabi/6.3.1/armv7e-m/fpu/crti.o
 .bss           0x00000000        0x0 d:/installprogram/stmicroelectronics/truestudio for stm32 9.3.0/armtools/bin/../lib/gcc/arm-atollic-eabi/6.3.1/armv7e-m/fpu/crti.o
 .data          0x00000000        0x4 d:/installprogram/stmicroelectronics/truestudio for stm32 9.3.0/armtools/bin/../lib/gcc/arm-atollic-eabi/6.3.1/armv7e-m/fpu/crtbegin.o
 .text          0x00000000        0x0 Driver\Src\SysTick.o
 .data          0x00000000        0x0 Driver\Src\SysTick.o
 .bss           0x00000000        0x0 Driver\Src\SysTick.o
 .text.SysTick_GetCurrentTick
                0x00000000       0x18 Driver\Src\SysTick.o
 .text          0x00000000        0x0 Driver\Src\gpio.o
 .data          0x00000000        0x0 Driver\Src\gpio.o
 .bss           0x00000000        0x0 Driver\Src\gpio.o
 .text          0x00000000       0x14 Libraries\Device\ST\STM32F4xx\Include\startup_stm32f429x.o
 .data          0x00000000        0x0 Libraries\Device\ST\STM32F4xx\Include\startup_stm32f429x.o
 .bss           0x00000000        0x0 Libraries\Device\ST\STM32F4xx\Include\startup_stm32f429x.o
 .text          0x00000000        0x0 Libraries\Device\ST\STM32F4xx\Include\stm32f4xx_it.o
 .data          0x00000000        0x0 Libraries\Device\ST\STM32F4xx\Include\stm32f4xx_it.o
 .bss           0x00000000        0x0 Libraries\Device\ST\STM32F4xx\Include\stm32f4xx_it.o
 .text          0x00000000        0x0 Libraries\Device\ST\STM32F4xx\Include\system_stm32f4xx.o
 .data          0x00000000        0x0 Libraries\Device\ST\STM32F4xx\Include\system_stm32f4xx.o
 .bss           0x00000000        0x0 Libraries\Device\ST\STM32F4xx\Include\system_stm32f4xx.o
 .text          0x00000000        0x0 Libraries\Device\ST\STM32F4xx\Include\tiny_printf.o
 .data          0x00000000        0x0 Libraries\Device\ST\STM32F4xx\Include\tiny_printf.o
 .bss           0x00000000        0x0 Libraries\Device\ST\STM32F4xx\Include\tiny_printf.o
 .text.ts_itoa  0x00000000       0x92 Libraries\Device\ST\STM32F4xx\Include\tiny_printf.o
 .text.ts_formatstring
                0x00000000      0x12e Libraries\Device\ST\STM32F4xx\Include\tiny_printf.o
 .text.ts_formatlength
                0x00000000      0x12c Libraries\Device\ST\STM32F4xx\Include\tiny_printf.o
 .text.siprintf
                0x00000000       0x2c Libraries\Device\ST\STM32F4xx\Include\tiny_printf.o
 .text.fiprintf
                0x00000000       0x9a Libraries\Device\ST\STM32F4xx\Include\tiny_printf.o
 .text.iprintf  0x00000000       0x92 Libraries\Device\ST\STM32F4xx\Include\tiny_printf.o
 .rodata        0x00000000        0x2 Libraries\Device\ST\STM32F4xx\Include\tiny_printf.o
 .text.fputs    0x00000000       0x68 Libraries\Device\ST\STM32F4xx\Include\tiny_printf.o
 .text.puts     0x00000000       0x58 Libraries\Device\ST\STM32F4xx\Include\tiny_printf.o
 .text.fwrite   0x00000000       0x38 Libraries\Device\ST\STM32F4xx\Include\tiny_printf.o
 .debug_info    0x00000000      0xc78 Libraries\Device\ST\STM32F4xx\Include\tiny_printf.o
 .debug_abbrev  0x00000000      0x262 Libraries\Device\ST\STM32F4xx\Include\tiny_printf.o
 .debug_aranges
                0x00000000       0x60 Libraries\Device\ST\STM32F4xx\Include\tiny_printf.o
 .debug_ranges  0x00000000       0x50 Libraries\Device\ST\STM32F4xx\Include\tiny_printf.o
 .debug_line    0x00000000      0x2f3 Libraries\Device\ST\STM32F4xx\Include\tiny_printf.o
 .debug_str     0x00000000      0x6c2 Libraries\Device\ST\STM32F4xx\Include\tiny_printf.o
 .comment       0x00000000       0x7d Libraries\Device\ST\STM32F4xx\Include\tiny_printf.o
 .debug_frame   0x00000000      0x1bc Libraries\Device\ST\STM32F4xx\Include\tiny_printf.o
 .ARM.attributes
                0x00000000       0x39 Libraries\Device\ST\STM32F4xx\Include\tiny_printf.o
 .text          0x00000000        0x0 src\main.o
 .data          0x00000000        0x0 src\main.o
 .bss           0x00000000        0x0 src\main.o
 .text          0x00000000        0x0 d:/installprogram/stmicroelectronics/truestudio for stm32 9.3.0/armtools/bin/../lib/gcc/arm-atollic-eabi/6.3.1/../../../../arm-atollic-eabi/lib/armv7e-m/fpu\libc_nano.a(lib_a-init.o)
 .data          0x00000000        0x0 d:/installprogram/stmicroelectronics/truestudio for stm32 9.3.0/armtools/bin/../lib/gcc/arm-atollic-eabi/6.3.1/../../../../arm-atollic-eabi/lib/armv7e-m/fpu\libc_nano.a(lib_a-init.o)
 .bss           0x00000000        0x0 d:/installprogram/stmicroelectronics/truestudio for stm32 9.3.0/armtools/bin/../lib/gcc/arm-atollic-eabi/6.3.1/../../../../arm-atollic-eabi/lib/armv7e-m/fpu\libc_nano.a(lib_a-init.o)
 .text          0x00000000       0x10 d:/installprogram/stmicroelectronics/truestudio for stm32 9.3.0/armtools/bin/../lib/gcc/arm-atollic-eabi/6.3.1/../../../../arm-atollic-eabi/lib/armv7e-m/fpu\libc_nano.a(lib_a-strlen.o)
 .data          0x00000000        0x0 d:/installprogram/stmicroelectronics/truestudio for stm32 9.3.0/armtools/bin/../lib/gcc/arm-atollic-eabi/6.3.1/../../../../arm-atollic-eabi/lib/armv7e-m/fpu\libc_nano.a(lib_a-strlen.o)
 .bss           0x00000000        0x0 d:/installprogram/stmicroelectronics/truestudio for stm32 9.3.0/armtools/bin/../lib/gcc/arm-atollic-eabi/6.3.1/../../../../arm-atollic-eabi/lib/armv7e-m/fpu\libc_nano.a(lib_a-strlen.o)
 .ARM.attributes
                0x00000000       0x1b d:/installprogram/stmicroelectronics/truestudio for stm32 9.3.0/armtools/bin/../lib/gcc/arm-atollic-eabi/6.3.1/../../../../arm-atollic-eabi/lib/armv7e-m/fpu\libc_nano.a(lib_a-strlen.o)
 .text          0x00000000        0x0 d:/installprogram/stmicroelectronics/truestudio for stm32 9.3.0/armtools/bin/../lib/gcc/arm-atollic-eabi/6.3.1/../../../../arm-atollic-eabi/lib/armv7e-m/fpu\libnosys.a(write.o)
 .data          0x00000000        0x0 d:/installprogram/stmicroelectronics/truestudio for stm32 9.3.0/armtools/bin/../lib/gcc/arm-atollic-eabi/6.3.1/../../../../arm-atollic-eabi/lib/armv7e-m/fpu\libnosys.a(write.o)
 .bss           0x00000000        0x0 d:/installprogram/stmicroelectronics/truestudio for stm32 9.3.0/armtools/bin/../lib/gcc/arm-atollic-eabi/6.3.1/../../../../arm-atollic-eabi/lib/armv7e-m/fpu\libnosys.a(write.o)
 .stab          0x00000000       0x24 d:/installprogram/stmicroelectronics/truestudio for stm32 9.3.0/armtools/bin/../lib/gcc/arm-atollic-eabi/6.3.1/../../../../arm-atollic-eabi/lib/armv7e-m/fpu\libnosys.a(write.o)
 .text._write   0x00000000       0x10 d:/installprogram/stmicroelectronics/truestudio for stm32 9.3.0/armtools/bin/../lib/gcc/arm-atollic-eabi/6.3.1/../../../../arm-atollic-eabi/lib/armv7e-m/fpu\libnosys.a(write.o)
 .debug_frame   0x00000000       0x20 d:/installprogram/stmicroelectronics/truestudio for stm32 9.3.0/armtools/bin/../lib/gcc/arm-atollic-eabi/6.3.1/../../../../arm-atollic-eabi/lib/armv7e-m/fpu\libnosys.a(write.o)
 .ARM.attributes
                0x00000000       0x34 d:/installprogram/stmicroelectronics/truestudio for stm32 9.3.0/armtools/bin/../lib/gcc/arm-atollic-eabi/6.3.1/../../../../arm-atollic-eabi/lib/armv7e-m/fpu\libnosys.a(write.o)
 .text          0x00000000        0x0 d:/installprogram/stmicroelectronics/truestudio for stm32 9.3.0/armtools/bin/../lib/gcc/arm-atollic-eabi/6.3.1/../../../../arm-atollic-eabi/lib/armv7e-m/fpu\libnosys.a(errno.o)
 .data          0x00000000        0x0 d:/installprogram/stmicroelectronics/truestudio for stm32 9.3.0/armtools/bin/../lib/gcc/arm-atollic-eabi/6.3.1/../../../../arm-atollic-eabi/lib/armv7e-m/fpu\libnosys.a(errno.o)
 .bss           0x00000000        0x0 d:/installprogram/stmicroelectronics/truestudio for stm32 9.3.0/armtools/bin/../lib/gcc/arm-atollic-eabi/6.3.1/../../../../arm-atollic-eabi/lib/armv7e-m/fpu\libnosys.a(errno.o)
 .ARM.attributes
                0x00000000       0x34 d:/installprogram/stmicroelectronics/truestudio for stm32 9.3.0/armtools/bin/../lib/gcc/arm-atollic-eabi/6.3.1/../../../../arm-atollic-eabi/lib/armv7e-m/fpu\libnosys.a(errno.o)
 COMMON         0x00000000        0x4 d:/installprogram/stmicroelectronics/truestudio for stm32 9.3.0/armtools/bin/../lib/gcc/arm-atollic-eabi/6.3.1/../../../../arm-atollic-eabi/lib/armv7e-m/fpu\libnosys.a(errno.o)
 .text          0x00000000        0x0 d:/installprogram/stmicroelectronics/truestudio for stm32 9.3.0/armtools/bin/../lib/gcc/arm-atollic-eabi/6.3.1/armv7e-m/fpu/crtend.o
 .data          0x00000000        0x0 d:/installprogram/stmicroelectronics/truestudio for stm32 9.3.0/armtools/bin/../lib/gcc/arm-atollic-eabi/6.3.1/armv7e-m/fpu/crtend.o
 .bss           0x00000000        0x0 d:/installprogram/stmicroelectronics/truestudio for stm32 9.3.0/armtools/bin/../lib/gcc/arm-atollic-eabi/6.3.1/armv7e-m/fpu/crtend.o
 .eh_frame      0x00000000        0x4 d:/installprogram/stmicroelectronics/truestudio for stm32 9.3.0/armtools/bin/../lib/gcc/arm-atollic-eabi/6.3.1/armv7e-m/fpu/crtend.o
 .ARM.attributes
                0x00000000       0x34 d:/installprogram/stmicroelectronics/truestudio for stm32 9.3.0/armtools/bin/../lib/gcc/arm-atollic-eabi/6.3.1/armv7e-m/fpu/crtend.o
 .text          0x00000000        0x0 d:/installprogram/stmicroelectronics/truestudio for stm32 9.3.0/armtools/bin/../lib/gcc/arm-atollic-eabi/6.3.1/armv7e-m/fpu/crtn.o
 .data          0x00000000        0x0 d:/installprogram/stmicroelectronics/truestudio for stm32 9.3.0/armtools/bin/../lib/gcc/arm-atollic-eabi/6.3.1/armv7e-m/fpu/crtn.o
 .bss           0x00000000        0x0 d:/installprogram/stmicroelectronics/truestudio for stm32 9.3.0/armtools/bin/../lib/gcc/arm-atollic-eabi/6.3.1/armv7e-m/fpu/crtn.o

Memory Configuration

Name             Origin             Length             Attributes
FLASH            0x08000000         0x00200000         xr
RAM              0x20000000         0x00030000         xrw
MEMORY_B1        0x60000000         0x00000000         xr
CCMRAM           0x10000000         0x00010000         rw
*default*        0x00000000         0xffffffff

Linker script and memory map

LOAD d:/installprogram/stmicroelectronics/truestudio for stm32 9.3.0/armtools/bin/../lib/gcc/arm-atollic-eabi/6.3.1/armv7e-m/fpu/crti.o
LOAD d:/installprogram/stmicroelectronics/truestudio for stm32 9.3.0/armtools/bin/../lib/gcc/arm-atollic-eabi/6.3.1/armv7e-m/fpu/crtbegin.o
LOAD Driver\Src\SysTick.o
LOAD Driver\Src\gpio.o
LOAD Libraries\Device\ST\STM32F4xx\Include\startup_stm32f429x.o
LOAD Libraries\Device\ST\STM32F4xx\Include\stm32f4xx_it.o
LOAD Libraries\Device\ST\STM32F4xx\Include\system_stm32f4xx.o
LOAD Libraries\Device\ST\STM32F4xx\Include\tiny_printf.o
LOAD src\main.o
                0x00000080                malloc_getpagesize_P = 0x80
START GROUP
LOAD d:/installprogram/stmicroelectronics/truestudio for stm32 9.3.0/armtools/bin/../lib/gcc/arm-atollic-eabi/6.3.1/../../../../arm-atollic-eabi/lib/armv7e-m/fpu\libc_nano.a
LOAD d:/installprogram/stmicroelectronics/truestudio for stm32 9.3.0/armtools/bin/../lib/gcc/arm-atollic-eabi/6.3.1/../../../../arm-atollic-eabi/lib/armv7e-m/fpu\libm.a
END GROUP
START GROUP
LOAD d:/installprogram/stmicroelectronics/truestudio for stm32 9.3.0/armtools/bin/../lib/gcc/arm-atollic-eabi/6.3.1/armv7e-m/fpu\libgcc.a
LOAD d:/installprogram/stmicroelectronics/truestudio for stm32 9.3.0/armtools/bin/../lib/gcc/arm-atollic-eabi/6.3.1/../../../../arm-atollic-eabi/lib/armv7e-m/fpu\libc_nano.a
END GROUP
START GROUP
LOAD d:/installprogram/stmicroelectronics/truestudio for stm32 9.3.0/armtools/bin/../lib/gcc/arm-atollic-eabi/6.3.1/armv7e-m/fpu\libgcc.a
LOAD d:/installprogram/stmicroelectronics/truestudio for stm32 9.3.0/armtools/bin/../lib/gcc/arm-atollic-eabi/6.3.1/../../../../arm-atollic-eabi/lib/armv7e-m/fpu\libc_nano.a
LOAD d:/installprogram/stmicroelectronics/truestudio for stm32 9.3.0/armtools/bin/../lib/gcc/arm-atollic-eabi/6.3.1/../../../../arm-atollic-eabi/lib/armv7e-m/fpu\libnosys.a
END GROUP
START GROUP
LOAD d:/installprogram/stmicroelectronics/truestudio for stm32 9.3.0/armtools/bin/../lib/gcc/arm-atollic-eabi/6.3.1/armv7e-m/fpu\libgcc.a
LOAD d:/installprogram/stmicroelectronics/truestudio for stm32 9.3.0/armtools/bin/../lib/gcc/arm-atollic-eabi/6.3.1/../../../../arm-atollic-eabi/lib/armv7e-m/fpu\libc_nano.a
LOAD d:/installprogram/stmicroelectronics/truestudio for stm32 9.3.0/armtools/bin/../lib/gcc/arm-atollic-eabi/6.3.1/../../../../arm-atollic-eabi/lib/armv7e-m/fpu\libnosys.a
END GROUP
LOAD d:/installprogram/stmicroelectronics/truestudio for stm32 9.3.0/armtools/bin/../lib/gcc/arm-atollic-eabi/6.3.1/armv7e-m/fpu/crtend.o
LOAD d:/installprogram/stmicroelectronics/truestudio for stm32 9.3.0/armtools/bin/../lib/gcc/arm-atollic-eabi/6.3.1/armv7e-m/fpu/crtn.o
                0x20030000                _estack = 0x20030000
                0x00000000                _Min_Heap_Size = 0x0
                0x00000400                _Min_Stack_Size = 0x400

.isr_vector     0x08000000      0x1ac
                0x08000000                . = ALIGN (0x4)
 *(.isr_vector)
 .isr_vector    0x08000000      0x1ac Libraries\Device\ST\STM32F4xx\Include\startup_stm32f429x.o
                0x08000000                g_pfnVectors
                0x080001ac                . = ALIGN (0x4)

.text           0x080001ac      0x680
                0x080001ac                . = ALIGN (0x4)
 *(.text)
 .text          0x080001ac       0x40 d:/installprogram/stmicroelectronics/truestudio for stm32 9.3.0/armtools/bin/../lib/gcc/arm-atollic-eabi/6.3.1/armv7e-m/fpu/crtbegin.o
 *(.text*)
 .text.NVIC_SetPriority
                0x080001ec       0x54 Driver\Src\SysTick.o
 .text.SysTick_Config
                0x08000240       0x44 Driver\Src\SysTick.o
 .text.SysTick_IncrementTicks_cb
                0x08000284       0x1c Driver\Src\SysTick.o
                0x08000284                SysTick_IncrementTicks_cb
 .text.SysTick_Delay
                0x080002a0       0x30 Driver\Src\SysTick.o
                0x080002a0                SysTick_Delay
 .text.SysTick_Init
                0x080002d0       0x48 Driver\Src\SysTick.o
                0x080002d0                SysTick_Init
 .text.Init_LED
                0x08000318       0xf0 Driver\Src\gpio.o
                0x08000318                Init_LED
 .text.Set_LED  0x08000408       0x3c Driver\Src\gpio.o
                0x08000408                Set_LED
 .text.Reset_LED
                0x08000444       0x3c Driver\Src\gpio.o
                0x08000444                Reset_LED
 .text.Reset_Handler
                0x08000480       0x50 Libraries\Device\ST\STM32F4xx\Include\startup_stm32f429x.o
                0x08000480                Reset_Handler
 .text.Default_Handler
                0x080004d0        0x2 Libraries\Device\ST\STM32F4xx\Include\startup_stm32f429x.o
                0x080004d0                RTC_Alarm_IRQHandler
                0x080004d0                HASH_RNG_IRQHandler
                0x080004d0                EXTI2_IRQHandler
                0x080004d0                TIM8_CC_IRQHandler
                0x080004d0                UART8_IRQHandler
                0x080004d0                SPI4_IRQHandler
                0x080004d0                TIM1_CC_IRQHandler
                0x080004d0                DMA2_Stream5_IRQHandler
                0x080004d0                DMA1_Stream5_IRQHandler
                0x080004d0                PVD_IRQHandler
                0x080004d0                SDIO_IRQHandler
                0x080004d0                TAMP_STAMP_IRQHandler
                0x080004d0                CAN2_RX1_IRQHandler
                0x080004d0                EXTI3_IRQHandler
                0x080004d0                TIM8_TRG_COM_TIM14_IRQHandler
                0x080004d0                TIM1_UP_TIM10_IRQHandler
                0x080004d0                TIM8_UP_TIM13_IRQHandler
                0x080004d0                I2C3_ER_IRQHandler
                0x080004d0                EXTI0_IRQHandler
                0x080004d0                I2C2_EV_IRQHandler
                0x080004d0                DMA1_Stream2_IRQHandler
                0x080004d0                CAN1_RX0_IRQHandler
                0x080004d0                FPU_IRQHandler
                0x080004d0                OTG_HS_WKUP_IRQHandler
                0x080004d0                LTDC_ER_IRQHandler
                0x080004d0                CAN2_SCE_IRQHandler
                0x080004d0                DMA2_Stream2_IRQHandler
                0x080004d0                SPI1_IRQHandler
                0x080004d0                TIM6_DAC_IRQHandler
                0x080004d0                TIM1_BRK_TIM9_IRQHandler
                0x080004d0                DCMI_IRQHandler
                0x080004d0                CAN2_RX0_IRQHandler
                0x080004d0                DMA2_Stream3_IRQHandler
                0x080004d0                USART6_IRQHandler
                0x080004d0                USART3_IRQHandler
                0x080004d0                CRYP_IRQHandler
                0x080004d0                CAN1_RX1_IRQHandler
                0x080004d0                UART5_IRQHandler
                0x080004d0                DMA2_Stream0_IRQHandler
                0x080004d0                TIM4_IRQHandler
                0x080004d0                I2C1_EV_IRQHandler
                0x080004d0                DMA1_Stream6_IRQHandler
                0x080004d0                DMA1_Stream1_IRQHandler
                0x080004d0                UART4_IRQHandler
                0x080004d0                TIM3_IRQHandler
                0x080004d0                RCC_IRQHandler
                0x080004d0                TIM8_BRK_TIM12_IRQHandler
                0x080004d0                Default_Handler
                0x080004d0                EXTI15_10_IRQHandler
                0x080004d0                ADC_IRQHandler
                0x080004d0                DMA1_Stream7_IRQHandler
                0x080004d0                SPI5_IRQHandler
                0x080004d0                TIM7_IRQHandler
                0x080004d0                CAN2_TX_IRQHandler
                0x080004d0                TIM5_IRQHandler
                0x080004d0                DMA2_Stream7_IRQHandler
                0x080004d0                I2C3_EV_IRQHandler
                0x080004d0                EXTI9_5_IRQHandler
                0x080004d0                RTC_WKUP_IRQHandler
                0x080004d0                LTDC_IRQHandler
                0x080004d0                ETH_WKUP_IRQHandler
                0x080004d0                SPI2_IRQHandler
                0x080004d0                OTG_HS_EP1_IN_IRQHandler
                0x080004d0                DMA1_Stream0_IRQHandler
                0x080004d0                CAN1_TX_IRQHandler
                0x080004d0                EXTI4_IRQHandler
                0x080004d0                ETH_IRQHandler
                0x080004d0                OTG_HS_EP1_OUT_IRQHandler
                0x080004d0                WWDG_IRQHandler
                0x080004d0                SPI6_IRQHandler
                0x080004d0                TIM2_IRQHandler
                0x080004d0                OTG_FS_WKUP_IRQHandler
                0x080004d0                TIM1_TRG_COM_TIM11_IRQHandler
                0x080004d0                OTG_HS_IRQHandler
                0x080004d0                DMA2D_IRQHandler
                0x080004d0                EXTI1_IRQHandler
                0x080004d0                UART7_IRQHandler
                0x080004d0                USART2_IRQHandler
                0x080004d0                I2C2_ER_IRQHandler
                0x080004d0                DMA2_Stream1_IRQHandler
                0x080004d0                CAN1_SCE_IRQHandler
                0x080004d0                FLASH_IRQHandler
                0x080004d0                DMA2_Stream4_IRQHandler
                0x080004d0                USART1_IRQHandler
                0x080004d0                OTG_FS_IRQHandler
                0x080004d0                SPI3_IRQHandler
                0x080004d0                DMA1_Stream4_IRQHandler
                0x080004d0                I2C1_ER_IRQHandler
                0x080004d0                FMC_IRQHandler
                0x080004d0                DMA2_Stream6_IRQHandler
                0x080004d0                SAI1_IRQHandler
                0x080004d0                DMA1_Stream3_IRQHandler
 .text.NMI_Handler
                0x080004d2        0xe Libraries\Device\ST\STM32F4xx\Include\stm32f4xx_it.o
                0x080004d2                NMI_Handler
 .text.HardFault_Handler
                0x080004e0        0x6 Libraries\Device\ST\STM32F4xx\Include\stm32f4xx_it.o
                0x080004e0                HardFault_Handler
 .text.MemManage_Handler
                0x080004e6        0x6 Libraries\Device\ST\STM32F4xx\Include\stm32f4xx_it.o
                0x080004e6                MemManage_Handler
 .text.BusFault_Handler
                0x080004ec        0x6 Libraries\Device\ST\STM32F4xx\Include\stm32f4xx_it.o
                0x080004ec                BusFault_Handler
 .text.UsageFault_Handler
                0x080004f2        0x6 Libraries\Device\ST\STM32F4xx\Include\stm32f4xx_it.o
                0x080004f2                UsageFault_Handler
 .text.SVC_Handler
                0x080004f8        0xe Libraries\Device\ST\STM32F4xx\Include\stm32f4xx_it.o
                0x080004f8                SVC_Handler
 .text.DebugMon_Handler
                0x08000506        0xe Libraries\Device\ST\STM32F4xx\Include\stm32f4xx_it.o
                0x08000506                DebugMon_Handler
 .text.PendSV_Handler
                0x08000514        0xe Libraries\Device\ST\STM32F4xx\Include\stm32f4xx_it.o
                0x08000514                PendSV_Handler
 .text.SysTick_Handler
                0x08000522        0xc Libraries\Device\ST\STM32F4xx\Include\stm32f4xx_it.o
                0x08000522                SysTick_Handler
 *fill*         0x0800052e        0x2 
 .text.SystemInit
                0x08000530       0x6c Libraries\Device\ST\STM32F4xx\Include\system_stm32f4xx.o
                0x08000530                SystemInit
 .text.SystemCoreClockUpdate
                0x0800059c       0xf8 Libraries\Device\ST\STM32F4xx\Include\system_stm32f4xx.o
                0x0800059c                SystemCoreClockUpdate
 .text.SetSysClock
                0x08000694       0xf8 Libraries\Device\ST\STM32F4xx\Include\system_stm32f4xx.o
 .text.main     0x0800078c       0x3e src\main.o
                0x0800078c                main
 *fill*         0x080007ca        0x2 
 .text.__libc_init_array
                0x080007cc       0x48 d:/installprogram/stmicroelectronics/truestudio for stm32 9.3.0/armtools/bin/../lib/gcc/arm-atollic-eabi/6.3.1/../../../../arm-atollic-eabi/lib/armv7e-m/fpu\libc_nano.a(lib_a-init.o)
                0x080007cc                __libc_init_array
 *(.glue_7)
 .glue_7        0x08000814        0x0 linker stubs
 *(.glue_7t)
 .glue_7t       0x08000814        0x0 linker stubs
 *(.eh_frame)
 .eh_frame      0x08000814        0x0 d:/installprogram/stmicroelectronics/truestudio for stm32 9.3.0/armtools/bin/../lib/gcc/arm-atollic-eabi/6.3.1/armv7e-m/fpu/crtbegin.o
 *(.init)
 .init          0x08000814        0x4 d:/installprogram/stmicroelectronics/truestudio for stm32 9.3.0/armtools/bin/../lib/gcc/arm-atollic-eabi/6.3.1/armv7e-m/fpu/crti.o
                0x08000814                _init
 .init          0x08000818        0x8 d:/installprogram/stmicroelectronics/truestudio for stm32 9.3.0/armtools/bin/../lib/gcc/arm-atollic-eabi/6.3.1/armv7e-m/fpu/crtn.o
 *(.fini)
 .fini          0x08000820        0x4 d:/installprogram/stmicroelectronics/truestudio for stm32 9.3.0/armtools/bin/../lib/gcc/arm-atollic-eabi/6.3.1/armv7e-m/fpu/crti.o
                0x08000820                _fini
 .fini          0x08000824        0x8 d:/installprogram/stmicroelectronics/truestudio for stm32 9.3.0/armtools/bin/../lib/gcc/arm-atollic-eabi/6.3.1/armv7e-m/fpu/crtn.o
                0x0800082c                . = ALIGN (0x4)
                0x0800082c                _etext = .

.vfp11_veneer   0x0800082c        0x0
 .vfp11_veneer  0x0800082c        0x0 linker stubs

.v4_bx          0x0800082c        0x0
 .v4_bx         0x0800082c        0x0 linker stubs

.iplt           0x0800082c        0x0
 .iplt          0x0800082c        0x0 d:/installprogram/stmicroelectronics/truestudio for stm32 9.3.0/armtools/bin/../lib/gcc/arm-atollic-eabi/6.3.1/armv7e-m/fpu/crtbegin.o

.rel.dyn        0x0800082c        0x0
 .rel.iplt      0x0800082c        0x0 d:/installprogram/stmicroelectronics/truestudio for stm32 9.3.0/armtools/bin/../lib/gcc/arm-atollic-eabi/6.3.1/armv7e-m/fpu/crtbegin.o

.rodata         0x0800082c        0x0
                0x0800082c                . = ALIGN (0x4)
 *(.rodata)
 *(.rodata*)
                0x0800082c                . = ALIGN (0x4)

.ARM.extab
 *(.ARM.extab* .gnu.linkonce.armextab.*)

.ARM            0x0800082c        0x0
                0x0800082c                __exidx_start = .
 *(.ARM.exidx*)
                0x0800082c                __exidx_end = .

.preinit_array  0x0800082c        0x0
                0x0800082c                PROVIDE (__preinit_array_start, .)
 *(.preinit_array*)
                0x0800082c                PROVIDE (__preinit_array_end, .)

.init_array     0x0800082c        0x4
                0x0800082c                PROVIDE (__init_array_start, .)
 *(SORT(.init_array.*))
 *(.init_array*)
 .init_array    0x0800082c        0x4 d:/installprogram/stmicroelectronics/truestudio for stm32 9.3.0/armtools/bin/../lib/gcc/arm-atollic-eabi/6.3.1/armv7e-m/fpu/crtbegin.o
                0x08000830                PROVIDE (__init_array_end, .)

.fini_array     0x08000830        0x4
                [!provide]                PROVIDE (__fini_array_start, .)
 *(SORT(.fini_array.*))
 *(.fini_array*)
 .fini_array    0x08000830        0x4 d:/installprogram/stmicroelectronics/truestudio for stm32 9.3.0/armtools/bin/../lib/gcc/arm-atollic-eabi/6.3.1/armv7e-m/fpu/crtbegin.o
                [!provide]                PROVIDE (__fini_array_end, .)
                0x08000834                _sidata = LOADADDR (.data)

.data           0x20000000       0x14 load address 0x08000834
                0x20000000                . = ALIGN (0x4)
                0x20000000                _sdata = .
 *(.data)
 *(.data*)
 .data.SystemCoreClock
                0x20000000        0x4 Libraries\Device\ST\STM32F4xx\Include\system_stm32f4xx.o
                0x20000000                SystemCoreClock
 .data.AHBPrescTable
                0x20000004       0x10 Libraries\Device\ST\STM32F4xx\Include\system_stm32f4xx.o
                0x20000004                AHBPrescTable
                0x20000014                . = ALIGN (0x4)
                0x20000014                _edata = .
                0x08000848                _siccmram = LOADADDR (.ccmram)

.igot.plt       0x20000014        0x0 load address 0x08000848
 .igot.plt      0x20000014        0x0 d:/installprogram/stmicroelectronics/truestudio for stm32 9.3.0/armtools/bin/../lib/gcc/arm-atollic-eabi/6.3.1/armv7e-m/fpu/crtbegin.o

.ccmram         0x10000000        0x0 load address 0x08000848
                0x10000000                . = ALIGN (0x4)
                0x10000000                _sccmram = .
 *(.ccmram)
 *(.ccmram*)
                0x10000000                . = ALIGN (0x4)
                0x10000000                _eccmram = .
                0x10000000                . = ALIGN (0x4)

.bss            0x20000014       0x20
                0x20000014                _sbss = .
                0x20000014                __bss_start__ = _sbss
 *(.bss)
 .bss           0x20000014       0x1c d:/installprogram/stmicroelectronics/truestudio for stm32 9.3.0/armtools/bin/../lib/gcc/arm-atollic-eabi/6.3.1/armv7e-m/fpu/crtbegin.o
 *(.bss*)
 .bss.SysTickCounter
                0x20000030        0x4 Driver\Src\SysTick.o
                0x20000030                SysTickCounter
 *(COMMON)
                0x20000034                . = ALIGN (0x4)
                0x20000034                _ebss = .
                0x20000034                __bss_end__ = _ebss

._user_heap_stack
                0x20000034      0x400
                0x20000034                . = ALIGN (0x4)
                [!provide]                PROVIDE (end, .)
                [!provide]                PROVIDE (_end, .)
                0x20000034                . = (. + _Min_Heap_Size)
                0x20000434                . = (. + _Min_Stack_Size)
 *fill*         0x20000034      0x400 
                0x20000434                . = ALIGN (0x4)

.memory_b1_text
 *(.mb1text)
 *(.mb1text*)
 *(.mb1rodata)
 *(.mb1rodata*)

/DISCARD/
 libc.a(*)
 libm.a(*)
 libgcc.a(*)

.ARM.attributes
                0x00000000       0x30
 *(.ARM.attributes)
 .ARM.attributes
                0x00000000       0x22 d:/installprogram/stmicroelectronics/truestudio for stm32 9.3.0/armtools/bin/../lib/gcc/arm-atollic-eabi/6.3.1/armv7e-m/fpu/crti.o
 .ARM.attributes
                0x00000022       0x34 d:/installprogram/stmicroelectronics/truestudio for stm32 9.3.0/armtools/bin/../lib/gcc/arm-atollic-eabi/6.3.1/armv7e-m/fpu/crtbegin.o
 .ARM.attributes
                0x00000056       0x39 Driver\Src\SysTick.o
 .ARM.attributes
                0x0000008f       0x39 Driver\Src\gpio.o
 .ARM.attributes
                0x000000c8       0x21 Libraries\Device\ST\STM32F4xx\Include\startup_stm32f429x.o
 .ARM.attributes
                0x000000e9       0x39 Libraries\Device\ST\STM32F4xx\Include\stm32f4xx_it.o
 .ARM.attributes
                0x00000122       0x39 Libraries\Device\ST\STM32F4xx\Include\system_stm32f4xx.o
 .ARM.attributes
                0x0000015b       0x39 src\main.o
 .ARM.attributes
                0x00000194       0x34 d:/installprogram/stmicroelectronics/truestudio for stm32 9.3.0/armtools/bin/../lib/gcc/arm-atollic-eabi/6.3.1/../../../../arm-atollic-eabi/lib/armv7e-m/fpu\libc_nano.a(lib_a-init.o)
 .ARM.attributes
                0x000001c8       0x22 d:/installprogram/stmicroelectronics/truestudio for stm32 9.3.0/armtools/bin/../lib/gcc/arm-atollic-eabi/6.3.1/armv7e-m/fpu/crtn.o
OUTPUT(STM32F429I-DISC1.elf elf32-littlearm)

.debug_info     0x00000000     0x13fb
 .debug_info    0x00000000      0x73e Driver\Src\SysTick.o
 .debug_info    0x0000073e      0x3d9 Driver\Src\gpio.o
 .debug_info    0x00000b17       0xb0 Libraries\Device\ST\STM32F4xx\Include\startup_stm32f429x.o
 .debug_info    0x00000bc7      0x154 Libraries\Device\ST\STM32F4xx\Include\stm32f4xx_it.o
 .debug_info    0x00000d1b      0x5f7 Libraries\Device\ST\STM32F4xx\Include\system_stm32f4xx.o
 .debug_info    0x00001312       0xe9 src\main.o

.debug_abbrev   0x00000000      0x58a
 .debug_abbrev  0x00000000      0x1dc Driver\Src\SysTick.o
 .debug_abbrev  0x000001dc      0x119 Driver\Src\gpio.o
 .debug_abbrev  0x000002f5       0x12 Libraries\Device\ST\STM32F4xx\Include\startup_stm32f429x.o
 .debug_abbrev  0x00000307       0x90 Libraries\Device\ST\STM32F4xx\Include\stm32f4xx_it.o
 .debug_abbrev  0x00000397      0x158 Libraries\Device\ST\STM32F4xx\Include\system_stm32f4xx.o
 .debug_abbrev  0x000004ef       0x9b src\main.o

.debug_aranges  0x00000000      0x150
 .debug_aranges
                0x00000000       0x48 Driver\Src\SysTick.o
 .debug_aranges
                0x00000048       0x30 Driver\Src\gpio.o
 .debug_aranges
                0x00000078       0x28 Libraries\Device\ST\STM32F4xx\Include\startup_stm32f429x.o
 .debug_aranges
                0x000000a0       0x60 Libraries\Device\ST\STM32F4xx\Include\stm32f4xx_it.o
 .debug_aranges
                0x00000100       0x30 Libraries\Device\ST\STM32F4xx\Include\system_stm32f4xx.o
 .debug_aranges
                0x00000130       0x20 src\main.o

.debug_ranges   0x00000000       0xf8
 .debug_ranges  0x00000000       0x38 Driver\Src\SysTick.o
 .debug_ranges  0x00000038       0x20 Driver\Src\gpio.o
 .debug_ranges  0x00000058       0x20 Libraries\Device\ST\STM32F4xx\Include\startup_stm32f429x.o
 .debug_ranges  0x00000078       0x50 Libraries\Device\ST\STM32F4xx\Include\stm32f4xx_it.o
 .debug_ranges  0x000000c8       0x20 Libraries\Device\ST\STM32F4xx\Include\system_stm32f4xx.o
 .debug_ranges  0x000000e8       0x10 src\main.o

.debug_line     0x00000000      0xb8c
 .debug_line    0x00000000      0x238 Driver\Src\SysTick.o
 .debug_line    0x00000238      0x257 Driver\Src\gpio.o
 .debug_line    0x0000048f       0x9c Libraries\Device\ST\STM32F4xx\Include\startup_stm32f429x.o
 .debug_line    0x0000052b      0x230 Libraries\Device\ST\STM32F4xx\Include\stm32f4xx_it.o
 .debug_line    0x0000075b      0x223 Libraries\Device\ST\STM32F4xx\Include\system_stm32f4xx.o
 .debug_line    0x0000097e      0x20e src\main.o

.debug_str      0x00000000      0xbb5
 .debug_str     0x00000000      0x8a8 Driver\Src\SysTick.o
                                0x8fa (size before relaxing)
 .debug_str     0x000008a8      0x152 Driver\Src\gpio.o
                                0x377 (size before relaxing)
 .debug_str     0x000009fa       0xc8 Libraries\Device\ST\STM32F4xx\Include\stm32f4xx_it.o
                                0x2ad (size before relaxing)
 .debug_str     0x00000ac2       0xe0 Libraries\Device\ST\STM32F4xx\Include\system_stm32f4xx.o
                                0x453 (size before relaxing)
 .debug_str     0x00000ba2       0x13 src\main.o
                                0x1fe (size before relaxing)

.comment        0x00000000       0x7c
 .comment       0x00000000       0x7c Driver\Src\SysTick.o
                                 0x7d (size before relaxing)
 .comment       0x0000007c       0x7d Driver\Src\gpio.o
 .comment       0x0000007c       0x7d Libraries\Device\ST\STM32F4xx\Include\stm32f4xx_it.o
 .comment       0x0000007c       0x7d Libraries\Device\ST\STM32F4xx\Include\system_stm32f4xx.o
 .comment       0x0000007c       0x7d src\main.o

.debug_frame    0x00000000      0x350
 .debug_frame   0x00000000       0xe8 Driver\Src\SysTick.o
 .debug_frame   0x000000e8       0x88 Driver\Src\gpio.o
 .debug_frame   0x00000170      0x10c Libraries\Device\ST\STM32F4xx\Include\stm32f4xx_it.o
 .debug_frame   0x0000027c       0x7c Libraries\Device\ST\STM32F4xx\Include\system_stm32f4xx.o
 .debug_frame   0x000002f8       0x2c src\main.o
 .debug_frame   0x00000324       0x2c d:/installprogram/stmicroelectronics/truestudio for stm32 9.3.0/armtools/bin/../lib/gcc/arm-atollic-eabi/6.3.1/../../../../arm-atollic-eabi/lib/armv7e-m/fpu\libc_nano.a(lib_a-init.o)

.stabstr        0x00000000       0x3f
 .stabstr       0x00000000       0x3f d:/installprogram/stmicroelectronics/truestudio for stm32 9.3.0/armtools/bin/../lib/gcc/arm-atollic-eabi/6.3.1/../../../../arm-atollic-eabi/lib/armv7e-m/fpu\libnosys.a(write.o)

Cross Reference Table

Symbol                                            File
ADC_IRQHandler                                    Libraries\Device\ST\STM32F4xx\Include\startup_stm32f429x.o
AHBPrescTable                                     Libraries\Device\ST\STM32F4xx\Include\system_stm32f4xx.o
BusFault_Handler                                  Libraries\Device\ST\STM32F4xx\Include\stm32f4xx_it.o
                                                  Libraries\Device\ST\STM32F4xx\Include\startup_stm32f429x.o
CAN1_RX0_IRQHandler                               Libraries\Device\ST\STM32F4xx\Include\startup_stm32f429x.o
CAN1_RX1_IRQHandler                               Libraries\Device\ST\STM32F4xx\Include\startup_stm32f429x.o
CAN1_SCE_IRQHandler                               Libraries\Device\ST\STM32F4xx\Include\startup_stm32f429x.o
CAN1_TX_IRQHandler                                Libraries\Device\ST\STM32F4xx\Include\startup_stm32f429x.o
CAN2_RX0_IRQHandler                               Libraries\Device\ST\STM32F4xx\Include\startup_stm32f429x.o
CAN2_RX1_IRQHandler                               Libraries\Device\ST\STM32F4xx\Include\startup_stm32f429x.o
CAN2_SCE_IRQHandler                               Libraries\Device\ST\STM32F4xx\Include\startup_stm32f429x.o
CAN2_TX_IRQHandler                                Libraries\Device\ST\STM32F4xx\Include\startup_stm32f429x.o
CRYP_IRQHandler                                   Libraries\Device\ST\STM32F4xx\Include\startup_stm32f429x.o
DCMI_IRQHandler                                   Libraries\Device\ST\STM32F4xx\Include\startup_stm32f429x.o
DMA1_Stream0_IRQHandler                           Libraries\Device\ST\STM32F4xx\Include\startup_stm32f429x.o
DMA1_Stream1_IRQHandler                           Libraries\Device\ST\STM32F4xx\Include\startup_stm32f429x.o
DMA1_Stream2_IRQHandler                           Libraries\Device\ST\STM32F4xx\Include\startup_stm32f429x.o
DMA1_Stream3_IRQHandler                           Libraries\Device\ST\STM32F4xx\Include\startup_stm32f429x.o
DMA1_Stream4_IRQHandler                           Libraries\Device\ST\STM32F4xx\Include\startup_stm32f429x.o
DMA1_Stream5_IRQHandler                           Libraries\Device\ST\STM32F4xx\Include\startup_stm32f429x.o
DMA1_Stream6_IRQHandler                           Libraries\Device\ST\STM32F4xx\Include\startup_stm32f429x.o
DMA1_Stream7_IRQHandler                           Libraries\Device\ST\STM32F4xx\Include\startup_stm32f429x.o
DMA2D_IRQHandler                                  Libraries\Device\ST\STM32F4xx\Include\startup_stm32f429x.o
DMA2_Stream0_IRQHandler                           Libraries\Device\ST\STM32F4xx\Include\startup_stm32f429x.o
DMA2_Stream1_IRQHandler                           Libraries\Device\ST\STM32F4xx\Include\startup_stm32f429x.o
DMA2_Stream2_IRQHandler                           Libraries\Device\ST\STM32F4xx\Include\startup_stm32f429x.o
DMA2_Stream3_IRQHandler                           Libraries\Device\ST\STM32F4xx\Include\startup_stm32f429x.o
DMA2_Stream4_IRQHandler                           Libraries\Device\ST\STM32F4xx\Include\startup_stm32f429x.o
DMA2_Stream5_IRQHandler                           Libraries\Device\ST\STM32F4xx\Include\startup_stm32f429x.o
DMA2_Stream6_IRQHandler                           Libraries\Device\ST\STM32F4xx\Include\startup_stm32f429x.o
DMA2_Stream7_IRQHandler                           Libraries\Device\ST\STM32F4xx\Include\startup_stm32f429x.o
DebugMon_Handler                                  Libraries\Device\ST\STM32F4xx\Include\stm32f4xx_it.o
                                                  Libraries\Device\ST\STM32F4xx\Include\startup_stm32f429x.o
Default_Handler                                   Libraries\Device\ST\STM32F4xx\Include\startup_stm32f429x.o
ETH_IRQHandler                                    Libraries\Device\ST\STM32F4xx\Include\startup_stm32f429x.o
ETH_WKUP_IRQHandler                               Libraries\Device\ST\STM32F4xx\Include\startup_stm32f429x.o
EXTI0_IRQHandler                                  Libraries\Device\ST\STM32F4xx\Include\startup_stm32f429x.o
EXTI15_10_IRQHandler                              Libraries\Device\ST\STM32F4xx\Include\startup_stm32f429x.o
EXTI1_IRQHandler                                  Libraries\Device\ST\STM32F4xx\Include\startup_stm32f429x.o
EXTI2_IRQHandler                                  Libraries\Device\ST\STM32F4xx\Include\startup_stm32f429x.o
EXTI3_IRQHandler                                  Libraries\Device\ST\STM32F4xx\Include\startup_stm32f429x.o
EXTI4_IRQHandler                                  Libraries\Device\ST\STM32F4xx\Include\startup_stm32f429x.o
EXTI9_5_IRQHandler                                Libraries\Device\ST\STM32F4xx\Include\startup_stm32f429x.o
FLASH_IRQHandler                                  Libraries\Device\ST\STM32F4xx\Include\startup_stm32f429x.o
FMC_IRQHandler                                    Libraries\Device\ST\STM32F4xx\Include\startup_stm32f429x.o
FPU_IRQHandler                                    Libraries\Device\ST\STM32F4xx\Include\startup_stm32f429x.o
HASH_RNG_IRQHandler                               Libraries\Device\ST\STM32F4xx\Include\startup_stm32f429x.o
HardFault_Handler                                 Libraries\Device\ST\STM32F4xx\Include\stm32f4xx_it.o
                                                  Libraries\Device\ST\STM32F4xx\Include\startup_stm32f429x.o
I2C1_ER_IRQHandler                                Libraries\Device\ST\STM32F4xx\Include\startup_stm32f429x.o
I2C1_EV_IRQHandler                                Libraries\Device\ST\STM32F4xx\Include\startup_stm32f429x.o
I2C2_ER_IRQHandler                                Libraries\Device\ST\STM32F4xx\Include\startup_stm32f429x.o
I2C2_EV_IRQHandler                                Libraries\Device\ST\STM32F4xx\Include\startup_stm32f429x.o
I2C3_ER_IRQHandler                                Libraries\Device\ST\STM32F4xx\Include\startup_stm32f429x.o
I2C3_EV_IRQHandler                                Libraries\Device\ST\STM32F4xx\Include\startup_stm32f429x.o
Init_LED                                          Driver\Src\gpio.o
                                                  src\main.o
LTDC_ER_IRQHandler                                Libraries\Device\ST\STM32F4xx\Include\startup_stm32f429x.o
LTDC_IRQHandler                                   Libraries\Device\ST\STM32F4xx\Include\startup_stm32f429x.o
MemManage_Handler                                 Libraries\Device\ST\STM32F4xx\Include\stm32f4xx_it.o
                                                  Libraries\Device\ST\STM32F4xx\Include\startup_stm32f429x.o
NMI_Handler                                       Libraries\Device\ST\STM32F4xx\Include\stm32f4xx_it.o
                                                  Libraries\Device\ST\STM32F4xx\Include\startup_stm32f429x.o
OTG_FS_IRQHandler                                 Libraries\Device\ST\STM32F4xx\Include\startup_stm32f429x.o
OTG_FS_WKUP_IRQHandler                            Libraries\Device\ST\STM32F4xx\Include\startup_stm32f429x.o
OTG_HS_EP1_IN_IRQHandler                          Libraries\Device\ST\STM32F4xx\Include\startup_stm32f429x.o
OTG_HS_EP1_OUT_IRQHandler                         Libraries\Device\ST\STM32F4xx\Include\startup_stm32f429x.o
OTG_HS_IRQHandler                                 Libraries\Device\ST\STM32F4xx\Include\startup_stm32f429x.o
OTG_HS_WKUP_IRQHandler                            Libraries\Device\ST\STM32F4xx\Include\startup_stm32f429x.o
PVD_IRQHandler                                    Libraries\Device\ST\STM32F4xx\Include\startup_stm32f429x.o
PendSV_Handler                                    Libraries\Device\ST\STM32F4xx\Include\stm32f4xx_it.o
                                                  Libraries\Device\ST\STM32F4xx\Include\startup_stm32f429x.o
RCC_IRQHandler                                    Libraries\Device\ST\STM32F4xx\Include\startup_stm32f429x.o
RTC_Alarm_IRQHandler                              Libraries\Device\ST\STM32F4xx\Include\startup_stm32f429x.o
RTC_WKUP_IRQHandler                               Libraries\Device\ST\STM32F4xx\Include\startup_stm32f429x.o
Reset_Handler                                     Libraries\Device\ST\STM32F4xx\Include\startup_stm32f429x.o
Reset_LED                                         Driver\Src\gpio.o
                                                  src\main.o
SAI1_IRQHandler                                   Libraries\Device\ST\STM32F4xx\Include\startup_stm32f429x.o
SDIO_IRQHandler                                   Libraries\Device\ST\STM32F4xx\Include\startup_stm32f429x.o
SPI1_IRQHandler                                   Libraries\Device\ST\STM32F4xx\Include\startup_stm32f429x.o
SPI2_IRQHandler                                   Libraries\Device\ST\STM32F4xx\Include\startup_stm32f429x.o
SPI3_IRQHandler                                   Libraries\Device\ST\STM32F4xx\Include\startup_stm32f429x.o
SPI4_IRQHandler                                   Libraries\Device\ST\STM32F4xx\Include\startup_stm32f429x.o
SPI5_IRQHandler                                   Libraries\Device\ST\STM32F4xx\Include\startup_stm32f429x.o
SPI6_IRQHandler                                   Libraries\Device\ST\STM32F4xx\Include\startup_stm32f429x.o
SVC_Handler                                       Libraries\Device\ST\STM32F4xx\Include\stm32f4xx_it.o
                                                  Libraries\Device\ST\STM32F4xx\Include\startup_stm32f429x.o
Set_LED                                           Driver\Src\gpio.o
                                                  src\main.o
SysTickCounter                                    Driver\Src\SysTick.o
SysTick_Delay                                     Driver\Src\SysTick.o
                                                  src\main.o
SysTick_GetCurrentTick                            Driver\Src\SysTick.o
SysTick_Handler                                   Libraries\Device\ST\STM32F4xx\Include\stm32f4xx_it.o
                                                  Libraries\Device\ST\STM32F4xx\Include\startup_stm32f429x.o
SysTick_IncrementTicks_cb                         Driver\Src\SysTick.o
                                                  Libraries\Device\ST\STM32F4xx\Include\stm32f4xx_it.o
SysTick_Init                                      Driver\Src\SysTick.o
                                                  src\main.o
SystemCoreClock                                   Libraries\Device\ST\STM32F4xx\Include\system_stm32f4xx.o
                                                  Driver\Src\SysTick.o
SystemCoreClockUpdate                             Libraries\Device\ST\STM32F4xx\Include\system_stm32f4xx.o
                                                  Driver\Src\SysTick.o
SystemInit                                        Libraries\Device\ST\STM32F4xx\Include\system_stm32f4xx.o
                                                  Libraries\Device\ST\STM32F4xx\Include\startup_stm32f429x.o
TAMP_STAMP_IRQHandler                             Libraries\Device\ST\STM32F4xx\Include\startup_stm32f429x.o
TIM1_BRK_TIM9_IRQHandler                          Libraries\Device\ST\STM32F4xx\Include\startup_stm32f429x.o
TIM1_CC_IRQHandler                                Libraries\Device\ST\STM32F4xx\Include\startup_stm32f429x.o
TIM1_TRG_COM_TIM11_IRQHandler                     Libraries\Device\ST\STM32F4xx\Include\startup_stm32f429x.o
TIM1_UP_TIM10_IRQHandler                          Libraries\Device\ST\STM32F4xx\Include\startup_stm32f429x.o
TIM2_IRQHandler                                   Libraries\Device\ST\STM32F4xx\Include\startup_stm32f429x.o
TIM3_IRQHandler                                   Libraries\Device\ST\STM32F4xx\Include\startup_stm32f429x.o
TIM4_IRQHandler                                   Libraries\Device\ST\STM32F4xx\Include\startup_stm32f429x.o
TIM5_IRQHandler                                   Libraries\Device\ST\STM32F4xx\Include\startup_stm32f429x.o
TIM6_DAC_IRQHandler                               Libraries\Device\ST\STM32F4xx\Include\startup_stm32f429x.o
TIM7_IRQHandler                                   Libraries\Device\ST\STM32F4xx\Include\startup_stm32f429x.o
TIM8_BRK_TIM12_IRQHandler                         Libraries\Device\ST\STM32F4xx\Include\startup_stm32f429x.o
TIM8_CC_IRQHandler                                Libraries\Device\ST\STM32F4xx\Include\startup_stm32f429x.o
TIM8_TRG_COM_TIM14_IRQHandler                     Libraries\Device\ST\STM32F4xx\Include\startup_stm32f429x.o
TIM8_UP_TIM13_IRQHandler                          Libraries\Device\ST\STM32F4xx\Include\startup_stm32f429x.o
UART4_IRQHandler                                  Libraries\Device\ST\STM32F4xx\Include\startup_stm32f429x.o
UART5_IRQHandler                                  Libraries\Device\ST\STM32F4xx\Include\startup_stm32f429x.o
UART7_IRQHandler                                  Libraries\Device\ST\STM32F4xx\Include\startup_stm32f429x.o
UART8_IRQHandler                                  Libraries\Device\ST\STM32F4xx\Include\startup_stm32f429x.o
USART1_IRQHandler                                 Libraries\Device\ST\STM32F4xx\Include\startup_stm32f429x.o
USART2_IRQHandler                                 Libraries\Device\ST\STM32F4xx\Include\startup_stm32f429x.o
USART3_IRQHandler                                 Libraries\Device\ST\STM32F4xx\Include\startup_stm32f429x.o
USART6_IRQHandler                                 Libraries\Device\ST\STM32F4xx\Include\startup_stm32f429x.o
UsageFault_Handler                                Libraries\Device\ST\STM32F4xx\Include\stm32f4xx_it.o
                                                  Libraries\Device\ST\STM32F4xx\Include\startup_stm32f429x.o
WWDG_IRQHandler                                   Libraries\Device\ST\STM32F4xx\Include\startup_stm32f429x.o
__deregister_frame_info                           d:/installprogram/stmicroelectronics/truestudio for stm32 9.3.0/armtools/bin/../lib/gcc/arm-atollic-eabi/6.3.1/armv7e-m/fpu/crtbegin.o
__dso_handle                                      d:/installprogram/stmicroelectronics/truestudio for stm32 9.3.0/armtools/bin/../lib/gcc/arm-atollic-eabi/6.3.1/armv7e-m/fpu/crtbegin.o
__init_array_end                                  d:/installprogram/stmicroelectronics/truestudio for stm32 9.3.0/armtools/bin/../lib/gcc/arm-atollic-eabi/6.3.1/../../../../arm-atollic-eabi/lib/armv7e-m/fpu\libc_nano.a(lib_a-init.o)
__init_array_start                                d:/installprogram/stmicroelectronics/truestudio for stm32 9.3.0/armtools/bin/../lib/gcc/arm-atollic-eabi/6.3.1/../../../../arm-atollic-eabi/lib/armv7e-m/fpu\libc_nano.a(lib_a-init.o)
__libc_init_array                                 d:/installprogram/stmicroelectronics/truestudio for stm32 9.3.0/armtools/bin/../lib/gcc/arm-atollic-eabi/6.3.1/../../../../arm-atollic-eabi/lib/armv7e-m/fpu\libc_nano.a(lib_a-init.o)
                                                  Libraries\Device\ST\STM32F4xx\Include\startup_stm32f429x.o
__preinit_array_end                               d:/installprogram/stmicroelectronics/truestudio for stm32 9.3.0/armtools/bin/../lib/gcc/arm-atollic-eabi/6.3.1/../../../../arm-atollic-eabi/lib/armv7e-m/fpu\libc_nano.a(lib_a-init.o)
__preinit_array_start                             d:/installprogram/stmicroelectronics/truestudio for stm32 9.3.0/armtools/bin/../lib/gcc/arm-atollic-eabi/6.3.1/../../../../arm-atollic-eabi/lib/armv7e-m/fpu\libc_nano.a(lib_a-init.o)
__register_frame_info                             d:/installprogram/stmicroelectronics/truestudio for stm32 9.3.0/armtools/bin/../lib/gcc/arm-atollic-eabi/6.3.1/armv7e-m/fpu/crtbegin.o
_ebss                                             Libraries\Device\ST\STM32F4xx\Include\startup_stm32f429x.o
_edata                                            Libraries\Device\ST\STM32F4xx\Include\startup_stm32f429x.o
_estack                                           Libraries\Device\ST\STM32F4xx\Include\startup_stm32f429x.o
_fini                                             d:/installprogram/stmicroelectronics/truestudio for stm32 9.3.0/armtools/bin/../lib/gcc/arm-atollic-eabi/6.3.1/armv7e-m/fpu/crti.o
_init                                             d:/installprogram/stmicroelectronics/truestudio for stm32 9.3.0/armtools/bin/../lib/gcc/arm-atollic-eabi/6.3.1/armv7e-m/fpu/crti.o
                                                  d:/installprogram/stmicroelectronics/truestudio for stm32 9.3.0/armtools/bin/../lib/gcc/arm-atollic-eabi/6.3.1/../../../../arm-atollic-eabi/lib/armv7e-m/fpu\libc_nano.a(lib_a-init.o)
_sbss                                             Libraries\Device\ST\STM32F4xx\Include\startup_stm32f429x.o
_sdata                                            Libraries\Device\ST\STM32F4xx\Include\startup_stm32f429x.o
_sidata                                           Libraries\Device\ST\STM32F4xx\Include\startup_stm32f429x.o
_write                                            d:/installprogram/stmicroelectronics/truestudio for stm32 9.3.0/armtools/bin/../lib/gcc/arm-atollic-eabi/6.3.1/../../../../arm-atollic-eabi/lib/armv7e-m/fpu\libnosys.a(write.o)
                                                  Libraries\Device\ST\STM32F4xx\Include\tiny_printf.o
errno                                             d:/installprogram/stmicroelectronics/truestudio for stm32 9.3.0/armtools/bin/../lib/gcc/arm-atollic-eabi/6.3.1/../../../../arm-atollic-eabi/lib/armv7e-m/fpu\libnosys.a(errno.o)
                                                  d:/installprogram/stmicroelectronics/truestudio for stm32 9.3.0/armtools/bin/../lib/gcc/arm-atollic-eabi/6.3.1/../../../../arm-atollic-eabi/lib/armv7e-m/fpu\libnosys.a(write.o)
fiprintf                                          Libraries\Device\ST\STM32F4xx\Include\tiny_printf.o
fprintf                                           Libraries\Device\ST\STM32F4xx\Include\tiny_printf.o
fputs                                             Libraries\Device\ST\STM32F4xx\Include\tiny_printf.o
fwrite                                            Libraries\Device\ST\STM32F4xx\Include\tiny_printf.o
g_pfnVectors                                      Libraries\Device\ST\STM32F4xx\Include\startup_stm32f429x.o
iprintf                                           Libraries\Device\ST\STM32F4xx\Include\tiny_printf.o
main                                              src\main.o
                                                  Libraries\Device\ST\STM32F4xx\Include\startup_stm32f429x.o
printf                                            Libraries\Device\ST\STM32F4xx\Include\tiny_printf.o
puts                                              Libraries\Device\ST\STM32F4xx\Include\tiny_printf.o
siprintf                                          Libraries\Device\ST\STM32F4xx\Include\tiny_printf.o
sprintf                                           Libraries\Device\ST\STM32F4xx\Include\tiny_printf.o
strlen                                            d:/installprogram/stmicroelectronics/truestudio for stm32 9.3.0/armtools/bin/../lib/gcc/arm-atollic-eabi/6.3.1/../../../../arm-atollic-eabi/lib/armv7e-m/fpu\libc_nano.a(lib_a-strlen.o)
                                                  Libraries\Device\ST\STM32F4xx\Include\tiny_printf.o
ts_formatlength                                   Libraries\Device\ST\STM32F4xx\Include\tiny_printf.o
ts_formatstring                                   Libraries\Device\ST\STM32F4xx\Include\tiny_printf.o
ts_itoa                                           Libraries\Device\ST\STM32F4xx\Include\tiny_printf.o
